14:29:39 [DEBUG] (1) termbg: ignoring KeyEvent { code: Char(']'), modifiers: KeyModifiers(ALT), kind: Press, state: KeyEventState(0x0) }
14:29:39 [DEBUG] (1) termbg: pushing 1
14:29:39 [DEBUG] (1) termbg: pushing 1
14:29:39 [DEBUG] (1) termbg: pushing ;
14:29:39 [DEBUG] (1) termbg: pushing r
14:29:39 [DEBUG] (1) termbg: pushing g
14:29:39 [DEBUG] (1) termbg: pushing b
14:29:39 [DEBUG] (1) termbg: pushing :
14:29:39 [DEBUG] (1) termbg: pushing 1
14:29:39 [DEBUG] (1) termbg: pushing e
14:29:39 [DEBUG] (1) termbg: pushing 1
14:29:39 [DEBUG] (1) termbg: pushing e
14:29:39 [DEBUG] (1) termbg: pushing /
14:29:39 [DEBUG] (1) termbg: pushing 1
14:29:39 [DEBUG] (1) termbg: pushing e
14:29:39 [DEBUG] (1) termbg: pushing 1
14:29:39 [DEBUG] (1) termbg: pushing e
14:29:39 [DEBUG] (1) termbg: pushing /
14:29:39 [DEBUG] (1) termbg: pushing 2
14:29:39 [DEBUG] (1) termbg: pushing e
14:29:39 [DEBUG] (1) termbg: pushing 2
14:29:39 [DEBUG] (1) termbg: pushing e
14:29:39 [DEBUG] (1) termbg: End of response detected (KeyEvent { code: Char('\\'), modifiers: KeyModifiers(ALT), kind: Press, state: KeyEventState(0x0) }).
14:29:39 [DEBUG] (1) termbg: Elapsed time: 966.20µs
14:29:39 [DEBUG] (1) termbg: Raw mode restored to previous state (raw=false).
14:29:39 [DEBUG] (1) termbg: Cleared any excess from stdin.
